# Standard Library Generated Railway Data
# Node Target count: 2000

Stations:
a,   58, 63  # Node block a
b, 18, 58
c, 0, 68
d, 13, 93
e, 21, 2
f, 33, 49
g, 87, 94
h,   67, 3
i, 38, 1
j, 67, 69
k, 64, 76
l, 4, 37
m, 81, 83
n, 52, 74
o,   81, 84
p, 77, 82
q, 65, 76
r, 26, 50
s, 49, 93
t, 52, 47
u, 7, 83
v,   14, 34
w, 0, 90
x, 37, 50
y, 11, 3
z, 11, 87
aa, 49, 43
ab, 83, 42
ac,   84, 60
ad, 94, 83
ae, 84, 69
af, 94, 45
ag, 69, 89
ah, 8, 72
ai, 8, 52
aj,   46, 80
ak, 69, 9
al, 60, 94
am, 64, 80
an, 18, 23
ao, 64, 68
ap, 21, 61
aq,   61, 56
ar, 37, 69
as, 33, 12
at, 36, 20
au, 64, 22
av, 76, 0
aw, 78, 86
ax,   76, 69
ay, 71, 15
az, 55, 3
ba, 28, 91
bb, 15, 10
bc, 66, 22
bd, 13, 11
be,   89, 82
bf, 26, 78
bg, 65, 64
bh, 45, 10
bi, 20, 24
bj, 46, 73
bk, 85, 55
bl,   28, 44
bm, 4, 64
bn, 30, 43
bo, 67, 17
bp, 43, 88
bq, 21, 69
br, 93, 71
bs,   86, 17
bt, 40, 33
bu, 70, 2
bv, 28, 0
bw, 51, 1
bx, 12, 59
by, 21, 86
bz,   18, 83
ca, 86, 63
cb, 54, 71
cc, 14, 62
cd, 53, 79
ce, 80, 42
cf, 5, 76
cg,   9, 88
ch, 89, 34
ci, 53, 3
cj, 55, 81
ck, 6, 20
cl, 13, 4
cm, 54, 24
cn,   61, 11
co, 21, 9
cp, 32, 58
cq, 41, 71
cr, 49, 34
cs, 83, 3
ct, 11, 92
cu,   42, 31
cv, 92, 26
cw, 62, 50  # Node block cw
cx, 64, 43
cy, 58, 43
cz, 84, 52
da, 9, 57
db,   58, 66
dc, 10, 86
dd, 68, 44
de, 75, 6
df, 22, 25
dg, 82, 51
dh, 65, 0
di,   10, 55
dj, 67, 78
dk, 74, 34
dl, 16, 23
dm, 90, 73
dn, 47, 32
do, 19, 22
dp,   60, 68
dq, 53, 48
dr, 3, 41
ds, 91, 6
dt, 64, 58
du, 42, 38
dv, 85, 53
dw,   43, 7
dx, 21, 41
dy, 64, 40
dz, 46, 68
ea, 7, 40
eb, 51, 56
ec, 34, 6
ed,   53, 36
ee, 45, 36
ef, 41, 24
eg, 51, 85
eh, 33, 79
ei, 65, 37
ej, 15, 70
ek,   39, 2
el, 72, 38
em, 23, 93
en, 0, 3
eo, 52, 65
ep, 2, 50
eq, 0, 81
er,   30, 26
es, 25, 77
et, 36, 26
eu, 31, 13
ev, 17, 93
ew, 69, 43
ex, 87, 67
ey,   57, 74
ez, 11, 43
fa, 91, 21
fb, 69, 5
fc, 47, 90
fd, 37, 43
fe, 94, 76
ff,   1, 74
fg, 53, 37
fh, 92, 28
fi, 58, 24
fj, 85, 82
fk, 92, 31
fl, 94, 37
fm,   10, 49
fn, 22, 79
fo, 3, 17
fp, 42, 25
fq, 27, 7
fr, 86, 20
fs, 84, 21
ft,   63, 22
fu, 84, 79
fv, 54, 30
fw, 56, 18
fx, 7, 57
fy, 89, 17
fz, 62, 67
ga,   23, 58
gb, 11, 79
gc, 75, 56
gd, 24, 41
ge, 43, 54
gf, 90, 3
gg, 34, 75
gh,   5, 64
gi, 13, 7
gj, 50, 82
gk, 9, 7
gl, 78, 40
gm, 80, 33
gn, 44, 21
go,   81, 75
gp, 55, 68
gq, 82, 78
gr, 49, 8
gs, 78, 44  # Node block gs
gt, 80, 21
gu, 52, 22
gv,   46, 71
gw, 50, 22
gx, 82, 48
gy, 13, 84
gz, 0, 29
ha, 57, 58
hb, 7, 67
hc,   33, 41
hd, 81, 66
he, 33, 18
hf, 26, 58
hg, 63, 43
hh, 43, 31
hi, 53, 39
hj,   90, 77
hk, 64, 3
hl, 36, 90
hm, 73, 59
hn, 55, 51
ho, 43, 32
hp, 47, 4
hq,   90, 31
hr, 39, 18
hs, 47, 38
ht, 92, 87
hu, 77, 43
hv, 43, 37
hw, 9, 87
hx,   88, 29
hy, 53, 73
hz, 38, 92
ia, 91, 58
ib, 25, 43
ic, 24, 35
id, 8, 31
ie,   70, 84
if, 27, 15
ig, 3, 80
ih, 92, 89
ii, 17, 58
ij, 74, 18
ik, 93, 83
il,   53, 30
im, 83, 39
in, 69, 50
io, 2, 23
ip, 9, 35
iq, 50, 13
ir, 93, 32
is,   60, 34
it, 76, 32
iu, 48, 26
iv, 15, 16
iw, 62, 37
ix, 92, 79
iy, 31, 73
iz,   21, 35
ja, 11, 29
jb, 47, 14
jc, 94, 82
jd, 6, 80
je, 24, 38
jf, 49, 35
jg,   6, 8
jh, 20, 51
ji, 10, 60
jj, 83, 84
jk, 15, 73
jl, 34, 7
jm, 40, 72
jn,   5, 1
jo, 38, 42
jp, 85, 7
jq, 87, 8
jr, 8, 14
js, 70, 76
jt, 73, 74
ju,   44, 45
jv, 82, 67
jw, 50, 21
jx, 90, 33
jy, 44, 49
jz, 75, 76
ka, 3, 28
kb,   92, 21
kc, 90, 57
kd, 58, 46
ke, 8, 71
kf, 12, 17
kg, 38, 23
kh, 17, 14
ki,   77, 81
kj, 55, 12
kk, 62, 29
kl, 32, 0
km, 41, 0
kn, 87, 33
ko, 57, 87  # Node block ko
kp,   17, 81
kq, 46, 44
kr, 15, 14
ks, 78, 45
kt, 68, 50
ku, 27, 31
kv, 40, 68
kw,   32, 4
kx, 21, 48
ky, 61, 21
kz, 30, 92
la, 15, 77
lb, 45, 78
lc, 22, 35
ld,   0, 26
le, 83, 91
lf, 36, 27
lg, 75, 32
lh, 13, 62
li, 92, 14
lj, 87, 82
lk,   3, 74
ll, 36, 93
lm, 81, 34
ln, 75, 49
lo, 40, 83
lp, 63, 60
lq, 53, 34
lr,   59, 10
ls, 49, 87
lt, 40, 87
lu, 30, 66
lv, 10, 12
lw, 31, 53
lx, 25, 30
ly,   2, 72
lz, 12, 58
ma, 46, 49
mb, 15, 81
mc, 4, 73
md, 25, 41
me, 81, 29
mf,   71, 31
mg, 32, 37
mh, 51, 93
mi, 16, 58
mj, 73, 28
mk, 65, 17
ml, 87, 1
mm,   58, 41
mn, 1, 56
mo, 3, 65
mp, 71, 39
mq, 24, 40
mr, 90, 13
ms, 84, 0
mt,   83, 69
mu, 20, 15
mv, 88, 38
mw, 5, 83
mx, 66, 78
my, 76, 14
mz, 68, 47
na,   69, 90
nb, 78, 61
nc, 41, 57
nd, 92, 49
ne, 27, 87
nf, 57, 0
ng, 74, 54
nh,   52, 7
ni, 27, 22
nj, 5, 28
nk, 16, 44
nl, 58, 3
nm, 34, 44
nn, 56, 48
no,   73, 43
np, 67, 18
nq, 36, 56
nr, 8, 30
ns, 31, 71
nt, 76, 40
nu, 21, 16
nv,   67, 6
nw, 84, 9
nx, 33, 56
ny, 17, 2
nz, 45, 86
oa, 90, 45
ob, 80, 39
oc,   75, 22
od, 82, 20
oe, 56, 73
of, 76, 77
og, 35, 64
oh, 90, 29
oi, 23, 18
oj,   79, 27
ok, 88, 13  # Node block ok
ol, 92, 39
om, 50, 42
on, 59, 76
oo, 16, 17
op, 81, 15
oq,   92, 33
or, 66, 10
os, 28, 23
ot, 68, 6
ou, 39, 49
ov, 54, 87
ow, 9, 11
ox,   50, 85
oy, 76, 18
oz, 26, 32
pa, 1, 85
pb, 8, 4
pc, 57, 45
pd, 65, 75
pe,   59, 20
pf, 85, 46
pg, 59, 71
ph, 42, 5
pi, 84, 28
pj, 10, 4
pk, 13, 18
pl,   21, 37
pm, 38, 60
pn, 55, 71
po, 17, 27
pp, 10, 52
pq, 1, 6
pr, 59, 64
ps,   66, 61
pt, 25, 66
pu, 59, 86
pv, 1, 15
pw, 55, 36
px, 69, 52
py, 73, 9
pz,   46, 50
qa, 6, 25
qb, 41, 88
qc, 33, 57
qd, 67, 26
qe, 72, 85
qf, 64, 64
qg,   2, 2
qh, 44, 26
qi, 59, 39
qj, 76, 3
qk, 0, 31
ql, 0, 94
qm, 47, 19
qn,   68, 93
qo, 7, 13
qp, 36, 66
qq, 4, 57
qr, 81, 38
qs, 57, 44
qt, 81, 3
qu,   27, 8
qv, 34, 60
qw, 11, 65
qx, 54, 23
qy, 71, 90
qz, 78, 83
ra, 75, 26
rb,   62, 23
rc, 92, 61
rd, 18, 79
re, 8, 73
rf, 64, 72
rg, 59, 25
rh, 23, 34
ri,   38, 89
rj, 29, 22
rk, 18, 89
rl, 22, 53
rm, 17, 17
rn, 43, 73
ro, 57, 82
rp,   27, 68
rq, 13, 30
rr, 41, 43
rs, 8, 68
rt, 17, 44
ru, 45, 67
rv, 15, 32
rw,   24, 36
rx, 94, 49
ry, 72, 42
rz, 74, 64
sa, 10, 22
sb, 26, 43
sc, 40, 23
sd,   75, 11
se, 75, 70
sf, 40, 71
sg, 30, 29  # Node block sg
sh, 74, 3
si, 47, 8
sj, 18, 4
sk,   48, 63
sl, 3, 8
sm, 85, 77
sn, 15, 13
so, 62, 66
sp, 40, 43
sq, 70, 15
sr,   70, 39
ss, 2, 20
st, 76, 44
su, 48, 23
sv, 62, 36
sw, 79, 86
sx, 91, 24
sy,   34, 5
sz, 62, 69
ta, 82, 90
tb, 75, 0
tc, 45, 84
td, 94, 75
te, 72, 32
tf,   43, 9
tg, 56, 67
th, 64, 78
ti, 25, 64
tj, 50, 10
tk, 2, 78
tl, 79, 33
tm,   47, 24
tn, 6, 66
to, 32, 35
tp, 93, 42
tq, 59, 59
tr, 94, 86
ts, 26, 53
tt,   77, 40
tu, 30, 24
tv, 63, 69
tw, 28, 51
tx, 28, 80
ty, 15, 1
tz, 50, 81
ua,   34, 80
ub, 86, 45
uc, 8, 20
ud, 42, 54
ue, 92, 45
uf, 86, 87
ug, 7, 63
uh,   11, 73
ui, 5, 45
uj, 52, 5
uk, 67, 14
ul, 17, 32
um, 13, 58
un, 41, 60
uo,   22, 90
up, 11, 55
uq, 80, 70
ur, 42, 48
us, 81, 21
ut, 31, 62
uu, 50, 4
uv,   22, 85
uw, 24, 49
ux, 27, 90
uy, 77, 49
uz, 69, 4
va, 56, 94
vb, 55, 5
vc,   18, 21
vd, 25, 53
ve, 28, 45
vf, 89, 77
vg, 73, 22
vh, 20, 3
vi, 27, 30
vj,   33, 42
vk, 36, 65
vl, 46, 75
vm, 61, 54
vn, 47, 3
vo, 77, 72
vp, 1, 89
vq,   35, 67
vr, 53, 78
vs, 79, 28
vt, 24, 81
vu, 77, 94
vv, 93, 31
vw, 78, 62
vx,   86, 0
vy, 74, 71
vz, 36, 78
wa, 34, 86
wb, 57, 72
wc, 24, 47  # Node block wc
wd, 31, 55
we,   63, 10
wf, 10, 35
wg, 83, 77
wh, 35, 41
wi, 61, 92
wj, 39, 41
wk, 76, 41
wl,   65, 53
wm, 5, 10
wn, 28, 39
wo, 64, 37
wp, 45, 35
wq, 92, 0
wr, 27, 14
ws,   52, 78
wt, 16, 83
wu, 32, 26
wv, 51, 88
ww, 6, 21
wx, 80, 51
wy, 75, 58
wz,   36, 23
xa, 46, 67
xb, 72, 77
xc, 83, 64
xd, 42, 14
xe, 80, 23
xf, 22, 65
xg,   58, 52
xh, 76, 92
xi, 94, 31
xj, 79, 76
xk, 81, 74
xl, 58, 40
xm, 89, 8
xn,   83, 21
xo, 6, 69
xp, 12, 32
xq, 15, 24
xr, 85, 66
xs, 5, 62
xt, 69, 14
xu,   4, 56
xv, 70, 87
xw, 93, 3
xx, 28, 86
xy, 80, 68
xz, 10, 24
ya, 37, 0
yb,   63, 53
yc, 79, 67
yd, 79, 65
ye, 50, 78
yf, 34, 62
yg, 84, 14
yh, 60, 12
yi,   69, 59
yj, 17, 69
yk, 48, 71
yl, 4, 5
ym, 13, 14
yn, 22, 23
yo, 24, 2
yp,   44, 16
yq, 36, 91
yr, 18, 37
ys, 37, 40
yt, 22, 31
yu, 60, 64
yv, 13, 56
yw,   90, 38
yx, 92, 13
yy, 75, 36
yz, 53, 25
za, 25, 0
zb, 4, 68
zc, 53, 50
zd,   63, 58
ze, 29, 18
zf, 39, 39
zg, 40, 45
zh, 7, 79
zi, 47, 73
zj, 85, 80
zk,   73, 15
zl, 49, 68
zm, 42, 35
zn, 90, 92
zo, 16, 18
zp, 45, 41
zq, 36, 39
zr,   60, 23
zs, 25, 75
zt, 59, 24
zu, 68, 31
zv, 38, 20
zw, 12, 1
zx, 24, 88
zy,   47, 49  # Node block zy
zz, 23, 27
aaa, 81, 31
aab, 81, 23
aac, 27, 89
aad, 15, 84
aae, 29, 56
aaf,   33, 82
aag, 85, 78
aah, 76, 1
aai, 23, 91
aaj, 54, 2
aak, 0, 61
aal, 55, 37
aam,   22, 33
aan, 83, 1
aao, 80, 31
aap, 53, 61
aaq, 35, 75
aar, 10, 91
aas, 41, 15
aat,   85, 22
aau, 69, 53
aav, 19, 91
aaw, 33, 33
aax, 88, 31
aay, 73, 36
aaz, 34, 65
aba,   86, 21
abb, 39, 53
abc, 88, 10
abd, 53, 65
abe, 43, 16
abf, 59, 33
abg, 80, 15
abh,   18, 53
abi, 73, 3
abj, 2, 47
abk, 85, 84
abl, 19, 87
abm, 52, 1
abn, 85, 91
abo,   47, 65
abp, 50, 28
abq, 65, 30
abr, 7, 31
abs, 2, 90
abt, 70, 25
abu, 34, 45
abv,   91, 37
abw, 81, 46
abx, 40, 14
aby, 80, 94
abz, 7, 93
aca, 87, 57
acb, 78, 79
acc,   76, 22
acd, 5, 15
ace, 73, 93
acf, 20, 93
acg, 72, 24
ach, 47, 89
aci, 60, 63
acj,   46, 21
ack, 52, 94
acl, 52, 34
acm, 27, 19
acn, 16, 67
aco, 25, 38
acp, 88, 32
acq,   10, 21
acr, 94, 79
acs, 19, 55
act, 3, 51
acu, 24, 66
acv, 73, 0
acw, 11, 61
acx,   13, 74
acy, 80, 82
acz, 80, 37
ada, 56, 87
adb, 81, 16
adc, 78, 69
add, 90, 9
ade,   41, 23
adf, 41, 19
adg, 48, 34
adh, 8, 45
adi, 39, 72
adj, 51, 71
adk, 0, 25
adl,   32, 51
adm, 34, 2
adn, 54, 69
ado, 32, 5
adp, 51, 22
adq, 18, 8
adr, 42, 67
ads,   29, 65
adt, 77, 58
adu, 12, 84  # Node block adu
adv, 11, 14
adw, 37, 32
adx, 18, 14
ady, 13, 31
adz,   78, 68
aea, 85, 14
aeb, 53, 66
aec, 36, 0
aed, 67, 9
aee, 24, 82
aef, 16, 54
aeg,   34, 25
aeh, 23, 51
aei, 50, 94
aej, 37, 64
aek, 39, 61
ael, 48, 44
aem, 67, 41
aen,   29, 7
aeo, 6, 19
aep, 73, 92
aeq, 0, 77
aer, 38, 36
aes, 32, 7
aet, 41, 35
aeu,   19, 47
aev, 66, 4
aew, 82, 5
aex, 58, 4
aey, 20, 86
aez, 88, 41
afa, 71, 51
afb,   80, 54
afc, 3, 35
afd, 40, 47
afe, 49, 49
aff, 20, 7
afg, 17, 89
afh, 32, 46
afi,   56, 12
afj, 30, 38
afk, 43, 57
afl, 15, 47
afm, 82, 73
afn, 6, 44
afo, 85, 33
afp,   84, 75
afq, 9, 48
afr, 57, 81
afs, 92, 46
aft, 84, 43
afu, 46, 5
afv, 18, 84
afw,   31, 39
afx, 90, 35
afy, 50, 84
afz, 74, 26
aga, 5, 34
agb, 58, 38
agc, 80, 77
agd,   79, 57
age, 19, 35
agf, 73, 31
agg, 0, 47
agh, 86, 14
agi, 43, 83
agj, 92, 40
agk,   42, 50
agl, 31, 91
agm, 5, 93
agn, 12, 25
ago, 34, 37
agp, 4, 15
agq, 68, 4
agr,   50, 63
ags, 37, 65
agt, 94, 30
agu, 55, 90
agv, 11, 85
agw, 15, 53
agx, 86, 64
agy,   93, 39
agz, 31, 38
aha, 20, 58
ahb, 73, 17
ahc, 58, 71
ahd, 64, 52
ahe, 32, 30
ahf,   38, 38
ahg, 72, 52
ahh, 48, 35
ahi, 22, 56
ahj, 54, 36
ahk, 94, 6
ahl, 67, 32
ahm,   40, 16
ahn, 54, 0
aho, 87, 50
ahp, 74, 23
ahq, 78, 39  # Node block ahq
ahr, 56, 8
ahs, 38, 83
aht,   67, 39
ahu, 25, 21
ahv, 12, 12
ahw, 2, 70
ahx, 65, 72
ahy, 88, 91
ahz, 21, 56
aia,   65, 84
aib, 10, 92
aic, 62, 90
aid, 15, 20
aie, 7, 47
aif, 3, 90
aig, 74, 90
aih,   48, 38
aii, 40, 76
aij, 31, 42
aik, 77, 17
ail, 92, 72
aim, 29, 80
ain, 1, 12
aio,   47, 23
aip, 72, 82
aiq, 84, 72
air, 94, 19
ais, 44, 7
ait, 45, 74
aiu, 23, 72
aiv,   42, 13
aiw, 85, 58
aix, 87, 64
aiy, 5, 13
aiz, 4, 67
aja, 18, 55
ajb, 0, 33
ajc,   44, 27
ajd, 51, 8
aje, 38, 14
ajf, 63, 36
ajg, 1, 28
ajh, 25, 10
aji, 15, 45
ajj,   20, 47
ajk, 83, 0
ajl, 54, 67
ajm, 30, 44
ajn, 52, 30
ajo, 50, 57
ajp, 61, 23
ajq,   62, 14
ajr, 73, 78
ajs, 27, 12
ajt, 32, 56
aju, 76, 21
ajv, 35, 45
ajw, 36, 46
ajx,   54, 88
ajy, 1, 93
ajz, 54, 13
aka, 75, 37
akb, 34, 58
akc, 5, 51
akd, 31, 50
ake,   12, 69
akf, 54, 47
akg, 44, 66
akh, 72, 87
aki, 82, 10
akj, 19, 58
akk, 38, 3
akl,   76, 5
akm, 23, 17
akn, 66, 75
ako, 45, 51
akp, 29, 42
akq, 54, 55
akr, 82, 32
aks,   31, 36
akt, 70, 36
aku, 62, 56
akv, 48, 90
akw, 63, 27
akx, 78, 1
aky, 32, 66
akz,   25, 72
ala, 49, 47
alb, 93, 82
alc, 60, 4
ald, 65, 36
ale, 91, 10
alf, 7, 78
alg,   9, 93
alh, 64, 31
ali, 40, 7
alj, 12, 43
alk, 59, 19
all, 17, 16
alm, 17, 57  # Node block alm
aln,   75, 5
alo, 46, 16
alp, 94, 46
alq, 3, 49
alr, 92, 36
als, 34, 19
alt, 40, 58
alu,   29, 9
alv, 66, 71
alw, 8, 38
alx, 10, 19
aly, 55, 26
alz, 21, 58
ama, 59, 74
amb,   33, 29
amc, 76, 79
amd, 10, 68
ame, 84, 25
amf, 34, 61
amg, 87, 58
amh, 54, 73
ami,   70, 24
amj, 24, 20
amk, 79, 25
aml, 33, 17
amm, 24, 1
amn, 68, 40
amo, 85, 26
amp,   6, 52
amq, 49, 11
amr, 43, 8
ams, 54, 45
amt, 19, 73
amu, 47, 34
amv, 14, 27
amw,   7, 5
amx, 21, 50
amy, 46, 31
amz, 85, 37
ana, 19, 89
anb, 15, 69
anc, 6, 51
and,   62, 22
ane, 85, 11
anf, 12, 38
ang, 69, 10
anh, 50, 51
ani, 27, 70
anj, 14, 56
ank,   27, 9
anl, 85, 24
anm, 82, 19
ann, 32, 88
ano, 37, 79
anp, 68, 79
anq, 83, 53
anr,   16, 63
ans, 20, 72
ant, 22, 67
anu, 25, 85
anv, 68, 78
anw, 78, 74
anx, 75, 74
any,   57, 34
anz, 21, 90
aoa, 66, 69
aob, 42, 55
aoc, 76, 71
aod, 49, 30
aoe, 0, 20
aof,   24, 54
aog, 86, 1
aoh, 46, 70
aoi, 45, 43
aoj, 1, 68
aok, 59, 2
aol, 36, 12
aom,   16, 24
aon, 63, 33
aoo, 57, 21
aop, 43, 81
aoq, 81, 37
aor, 86, 72
aos, 18, 69
aot,   94, 88
aou, 7, 81
aov, 78, 36
aow, 87, 22
aox, 31, 35
aoy, 46, 51
aoz, 7, 38
apa,   77, 87
apb, 91, 54
apc, 1, 4
apd, 50, 91
ape, 88, 1
apf, 14, 73
apg, 10, 66
aph,   39, 31
api, 45, 13  # Node block api
apj, 42, 75
apk, 35, 73
apl, 84, 12
apm, 77, 67
apn, 94, 23
apo,   10, 75
app, 81, 82
apq, 83, 4
apr, 42, 46
aps, 53, 56
apt, 82, 85
apu, 70, 41
apv,   27, 71
apw, 67, 2
apx, 47, 27
apy, 2, 38
apz, 62, 80
aqa, 40, 64
aqb, 85, 85
aqc,   31, 40
aqd, 29, 88
aqe, 89, 64
aqf, 34, 76
aqg, 51, 83
aqh, 79, 40
aqi, 65, 92
aqj,   5, 94
aqk, 46, 18
aql, 21, 66
aqm, 45, 17
aqn, 51, 37
aqo, 37, 46
aqp, 31, 19
aqq,   10, 94
aqr, 36, 89
aqs, 44, 48
aqt, 57, 39
aqu, 22, 36
aqv, 94, 69
aqw, 11, 76
aqx,   24, 17
aqy, 11, 46
aqz, 63, 91
ara, 56, 63
arb, 17, 43
arc, 69, 60
ard, 63, 72
are,   82, 66
arf, 78, 12
arg, 8, 41
arh, 2, 80
ari, 1, 13
arj, 46, 1
ark, 62, 88
arl,   87, 78
arm, 1, 25
arn, 56, 69
aro, 25, 55
arp, 25, 37
arq, 3, 37
arr, 11, 63
ars,   47, 94
art, 12, 44
aru, 67, 42
arv, 8, 70
arw, 4, 85
arx, 85, 45
ary, 0, 45
arz,   71, 29
asa, 14, 58
asb, 8, 80
asc, 41, 33
asd, 74, 79
ase, 44, 62
asf, 15, 62
asg,   59, 7
ash, 10, 88
asi, 29, 92
asj, 73, 24
ask, 45, 88
asl, 37, 53
asm, 88, 81
asn,   20, 43
aso, 74, 76
asp, 42, 24
asq, 12, 22
asr, 22, 54
ass, 24, 5
ast, 72, 4
asu,   20, 59
asv, 24, 80
asw, 7, 56
asx, 14, 0
asy, 68, 81
asz, 4, 88
ata, 48, 64
atb,   43, 20
atc, 90, 65
atd, 53, 5
ate, 42, 85  # Node block ate
atf, 14, 53
atg, 31, 47
ath, 88, 78
ati,   8, 2
atj, 80, 25
atk, 86, 46
atl, 27, 73
atm, 90, 14
atn, 61, 74
ato, 71, 69
atp,   75, 3
atq, 38, 45
atr, 93, 50
ats, 11, 49
att, 11, 18
atu, 34, 15
atv, 94, 61
atw,   76, 81
atx, 59, 52
aty, 30, 27
atz, 0, 83
aua, 25, 49
aub, 56, 81
auc, 87, 88
aud,   15, 63
aue, 39, 4
auf, 35, 53
aug, 40, 6
auh, 81, 0
aui, 12, 61
auj, 16, 9
auk,   14, 69
aul, 14, 74
aum, 9, 63
aun, 32, 90
auo, 14, 5
aup, 32, 14
auq, 16, 4
aur,   20, 83
aus, 25, 81
aut, 40, 4
auu, 36, 52
auv, 85, 43
auw, 81, 72
aux, 18, 52
auy,   42, 29
auz, 82, 65
ava, 79, 64
avb, 53, 31
avc, 79, 75
avd, 61, 70
ave, 24, 12
avf,   56, 47
avg, 82, 43
avh, 18, 51
avi, 54, 21
avj, 60, 24
avk, 29, 14
avl, 66, 37
avm,   70, 3
avn, 8, 40
avo, 83, 40
avp, 18, 9
avq, 51, 89
avr, 12, 55
avs, 73, 66
avt,   62, 7
avu, 71, 70
avv, 21, 71
avw, 4, 9
avx, 23, 66
avy, 64, 32
avz, 1, 61
awa,   11, 25
awb, 0, 73
awc, 67, 34
awd, 4, 8
awe, 51, 25
awf, 42, 63
awg, 44, 29
awh,   56, 61
awi, 15, 33
awj, 91, 70
awk, 94, 27
awl, 44, 77
awm, 82, 80
awn, 66, 28
awo,   50, 75
awp, 77, 61
awq, 51, 79
awr, 26, 6
aws, 89, 93
awt, 66, 17
awu, 65, 21
awv,   74, 38
aww, 57, 63
awx, 8, 91
awy, 38, 70
awz, 73, 87
axa, 6, 47  # Node block axa
axb, 25, 39
axc,   39, 87
axd, 45, 75
axe, 16, 94
axf, 52, 86
axg, 87, 4
axh, 7, 60
axi, 84, 88
axj,   47, 63
axk, 52, 83
axl, 38, 80
axm, 1, 80
axn, 61, 4
axo, 32, 63
axp, 81, 85
axq,   42, 27
axr, 38, 16
axs, 40, 36
axt, 21, 59
axu, 6, 0
axv, 54, 1
axw, 9, 86
axx,   50, 6
axy, 26, 86
axz, 76, 15
aya, 16, 64
ayb, 5, 61
ayc, 10, 46
ayd, 2, 67
aye,   83, 94
ayf, 23, 20
ayg, 33, 0
ayh, 60, 47
ayi, 59, 83
ayj, 17, 80
ayk, 44, 20
ayl,   66, 2
aym, 61, 78
ayn, 72, 28
ayo, 17, 75
ayp, 74, 0
ayq, 23, 47
ayr, 78, 76
ays,   91, 31
ayt, 68, 68
ayu, 66, 90
ayv, 92, 3
ayw, 74, 25
ayx, 6, 43
ayy, 88, 74
ayz,   62, 39
aza, 8, 92
azb, 2, 13
azc, 72, 90
azd, 34, 18
aze, 4, 78
azf, 12, 14
azg,   34, 29
azh, 61, 61
azi, 23, 71
azj, 32, 49
azk, 16, 68
azl, 51, 61
azm, 47, 58
azn,   35, 72
azo, 6, 22
azp, 46, 55
azq, 4, 7
azr, 11, 31
azs, 62, 59
azt, 22, 15
azu,   18, 24
azv, 62, 65
azw, 0, 74
azx, 77, 79
azy, 53, 63
azz, 66, 25
baa, 73, 2
bab,   59, 6
bac, 19, 13
bad, 49, 6
bae, 81, 32
baf, 25, 18
bag, 42, 37
bah, 89, 74
bai,   88, 63
baj, 4, 69
bak, 11, 12
bal, 16, 61
bam, 59, 18
ban, 16, 79
bao, 43, 59
bap,   1, 94
baq, 29, 73
bar, 71, 53
bas, 23, 26
bat, 15, 56
bau, 55, 24
bav, 77, 32
baw,   49, 74  # Node block baw
bax, 24, 56
bay, 28, 4
baz, 26, 5
bba, 26, 76
bbb, 80, 48
bbc, 94, 43
bbd,   65, 89
bbe, 36, 75
bbf, 38, 72
bbg, 94, 7
bbh, 34, 64
bbi, 63, 56
bbj, 49, 7
bbk,   41, 1
bbl, 0, 76
bbm, 37, 75
bbn, 5, 58
bbo, 67, 60
bbp, 31, 51
bbq, 37, 22
bbr,   70, 9
bbs, 28, 81
bbt, 13, 40
bbu, 51, 12
bbv, 93, 85
bbw, 5, 63
bbx, 6, 89
bby,   36, 25
bbz, 44, 53
bca, 84, 19
bcb, 20, 60
bcc, 38, 54
bcd, 70, 32
bce, 9, 76
bcf,   84, 53
bcg, 88, 71
bch, 70, 31
bci, 31, 66
bcj, 54, 80
bck, 13, 48
bcl, 42, 44
bcm,   8, 9
bcn, 18, 68
bco, 60, 79
bcp, 30, 48
bcq, 18, 19
bcr, 45, 65
bcs, 41, 46
bct,   37, 94
bcu, 88, 77
bcv, 18, 39
bcw, 6, 61
bcx, 24, 14
bcy, 68, 30
bcz, 59, 62
bda,   34, 31
bdb, 1, 88
bdc, 39, 30
bdd, 60, 76
bde, 88, 51
bdf, 46, 36
bdg, 88, 86
bdh,   22, 22
bdi, 49, 45
bdj, 84, 3
bdk, 94, 8
bdl, 58, 1
bdm, 43, 2
bdn, 70, 20
bdo,   69, 57
bdp, 22, 4
bdq, 35, 61
bdr, 29, 29
bds, 22, 49
bdt, 22, 93
bdu, 17, 21
bdv,   47, 28
bdw, 20, 45
bdx, 57, 19
bdy, 64, 73
bdz, 63, 79
bea, 18, 54
beb, 82, 12
bec,   72, 66
bed, 91, 47
bee, 88, 82
bef, 11, 22
beg, 78, 52
beh, 48, 41
bei, 12, 23
bej,   73, 67
bek, 4, 0
bel, 79, 10
bem, 81, 94
ben, 65, 57
beo, 10, 29
bep, 1, 3
beq,   17, 62
ber, 68, 2
bes, 42, 84  # Node block bes
bet, 64, 35
beu, 10, 9
bev, 46, 81
bew, 35, 35
bex,   6, 42
bey, 58, 51
bez, 85, 39
bfa, 14, 11
bfb, 8, 12
bfc, 8, 6
bfd, 62, 87
bfe,   51, 92
bff, 82, 87
bfg, 8, 76
bfh, 92, 34
bfi, 29, 70
bfj, 41, 85
bfk, 4, 40
bfl,   3, 59
bfm, 93, 81
bfn, 27, 28
bfo, 75, 12
bfp, 14, 93
bfq, 52, 57
bfr, 65, 87
bfs,   28, 29
bft, 29, 20
bfu, 92, 94
bfv, 22, 34
bfw, 47, 91
bfx, 87, 18
bfy, 9, 15
bfz,   9, 53
bga, 11, 11
bgb, 62, 46
bgc, 90, 16
bgd, 73, 86
bge, 82, 4
bgf, 42, 43
bgg,   14, 21
bgh, 40, 20
bgi, 62, 18
bgj, 28, 5
bgk, 88, 18
bgl, 85, 59
bgm, 52, 38
bgn,   41, 59
bgo, 39, 3
bgp, 80, 24
bgq, 54, 42
bgr, 43, 18
bgs, 45, 85
bgt, 61, 17
bgu,   39, 85
bgv, 11, 27
bgw, 60, 74
bgx, 41, 42
bgy, 91, 42
bgz, 91, 30
bha, 66, 21
bhb,   75, 14
bhc, 82, 91
bhd, 16, 31
bhe, 16, 19
bhf, 44, 86
bhg, 10, 15
bhh, 58, 55
bhi,   80, 92
bhj, 6, 9
bhk, 14, 44
bhl, 16, 16
bhm, 0, 23
bhn, 58, 65
bho, 68, 22
bhp,   83, 38
bhq, 17, 18
bhr, 14, 51
bhs, 3, 16
bht, 45, 4
bhu, 74, 50
bhv, 16, 71
bhw,   25, 26
bhx, 88, 40
bhy, 11, 17
bhz, 22, 3
bia, 6, 12
bib, 18, 0
bic, 18, 76
bid,   40, 90
bie, 56, 60
bif, 29, 64
big, 39, 84
bih, 32, 68
bii, 46, 3
bij, 81, 78
bik,   40, 59
bil, 33, 13
bim, 60, 65
bin, 45, 45
bio, 8, 7  # Node block bio
bip, 24, 37
biq, 19, 75
bir,   26, 8
bis, 2, 66
bit, 75, 87
biu, 34, 40
biv, 34, 32
biw, 7, 70
bix, 11, 74
biy,   19, 3
biz, 5, 71
bja, 27, 37
bjb, 21, 75
bjc, 93, 12
bjd, 69, 41
bje, 10, 26
bjf,   75, 44
bjg, 84, 85
bjh, 28, 68
bji, 43, 90
bjj, 90, 25
bjk, 61, 47
bjl, 64, 63
bjm,   6, 26
bjn, 10, 54
bjo, 60, 35
bjp, 54, 56
bjq, 24, 24
bjr, 60, 32
bjs, 15, 26
bjt,   78, 23
bju, 77, 36
bjv, 12, 52
bjw, 68, 29
bjx, 15, 82
bjy, 10, 59
bjz, 6, 17
bka,   51, 14
bkb, 23, 45
bkc, 53, 87
bkd, 74, 16
bke, 58, 74
bkf, 33, 4
bkg, 40, 32
bkh,   72, 29
bki, 64, 67
bkj, 77, 2
bkk, 21, 42
bkl, 86, 29
bkm, 71, 32
bkn, 87, 44
bko,   78, 72
bkp, 84, 68
bkq, 54, 46
bkr, 90, 87
bks, 86, 54
bkt, 69, 55
bku, 44, 61
bkv,   85, 63
bkw, 81, 90
bkx, 53, 6
bky, 36, 61
bkz, 65, 62
bla, 27, 32
blb, 88, 5
blc,   21, 55
bld, 87, 92
ble, 80, 17
blf, 23, 74
blg, 36, 7
blh, 46, 83
bli, 66, 1
blj,   54, 57
blk, 5, 18
bll, 94, 58
blm, 1, 51
bln, 89, 72
blo, 86, 35
blp, 12, 16
blq,   85, 75
blr, 67, 74
bls, 83, 82
blt, 80, 66
blu, 56, 31
blv, 39, 82
blw, 30, 15
blx,   4, 46
bly, 62, 42
blz, 74, 85
bma, 48, 21
bmb, 71, 85
bmc, 80, 67
bmd, 68, 20
bme,   74, 2
bmf, 54, 35
bmg, 22, 46
bmh, 48, 31
bmi, 27, 83
bmj, 37, 60
bmk, 56, 88  # Node block bmk
bml,   12, 76
bmm, 38, 50
bmn, 6, 72
bmo, 31, 7
bmp, 67, 85
bmq, 0, 93
bmr, 73, 20
bms,   73, 69
bmt, 57, 25
bmu, 70, 86
bmv, 4, 11
bmw, 75, 17
bmx, 20, 11
bmy, 93, 0
bmz,   15, 79
bna, 34, 22
bnb, 55, 21
bnc, 15, 11
bnd, 20, 50
bne, 24, 57
bnf, 82, 82
bng,   30, 6
bnh, 37, 45
bni, 21, 20
bnj, 93, 73
bnk, 51, 17
bnl, 24, 77
bnm, 43, 13
bnn,   6, 49
bno, 53, 33
bnp, 29, 12
bnq, 2, 6
bnr, 56, 71
bns, 91, 12
bnt, 44, 36
bnu,   37, 41
bnv, 3, 53
bnw, 51, 2
bnx, 19, 50
bny, 19, 59
bnz, 82, 77
boa, 41, 34
bob,   58, 5
boc, 53, 90
bod, 74, 39
boe, 57, 70
bof, 41, 83
bog, 43, 36
boh, 50, 0
boi,   93, 25
boj, 25, 70
bok, 35, 37
bol, 47, 26
bom, 30, 2
bon, 19, 82
boo, 34, 63
bop,   8, 5
boq, 71, 64
bor, 88, 64
bos, 53, 83
bot, 81, 18
bou, 7, 27
bov, 85, 20
bow,   81, 54
box, 65, 90
boy, 20, 42
boz, 16, 43
bpa, 64, 90
bpb, 63, 64
bpc, 46, 47
bpd,   26, 61
bpe, 87, 31
bpf, 55, 33
bpg, 38, 13
bph, 88, 76
bpi, 52, 41
bpj, 47, 69
bpk,   67, 86
bpl, 70, 91
bpm, 52, 68
bpn, 20, 28
bpo, 57, 2
bpp, 47, 36
bpq, 6, 32
bpr,   82, 1
bps, 14, 66
bpt, 49, 66
bpu, 56, 37
bpv, 36, 44
bpw, 73, 56
bpx, 67, 53
bpy,   33, 62
bpz, 52, 10
bqa, 33, 76
bqb, 62, 32
bqc, 84, 2
bqd, 27, 82
bqe, 62, 68
bqf,   15, 67
bqg, 65, 67  # Node block bqg
bqh, 53, 54
bqi, 90, 51
bqj, 55, 50
bqk, 55, 22
bql, 71, 73
bqm,   38, 53
bqn, 94, 14
bqo, 82, 8
bqp, 78, 57
bqq, 93, 76
bqr, 26, 37
bqs, 26, 22
bqt,   26, 10
bqu, 25, 34
bqv, 30, 55
bqw, 69, 75
bqx, 85, 32
bqy, 65, 83
bqz, 56, 3
bra,   55, 80
brb, 10, 84
brc, 47, 22
brd, 83, 65
bre, 51, 80
brf, 23, 46
brg, 55, 55
brh,   25, 20
bri, 83, 88
brj, 89, 0
brk, 84, 82
brl, 61, 77
brm, 33, 15
brn, 0, 89
bro,   61, 0
brp, 20, 74
brq, 57, 89
brr, 58, 0
brs, 54, 86
brt, 93, 18
bru, 19, 42
brv,   62, 53
brw, 61, 13
brx, 25, 6
bry, 90, 17
brz, 2, 81
bsa, 76, 62
bsb, 51, 78
bsc,   93, 35
bsd, 6, 29
bse, 77, 44
bsf, 50, 44
bsg, 72, 2
bsh, 78, 20
bsi, 2, 64
bsj,   41, 50
bsk, 13, 67
bsl, 44, 51
bsm, 67, 50
bsn, 7, 39
bso, 78, 11
bsp, 10, 42
bsq,   81, 49
bsr, 91, 32
bss, 35, 80
bst, 84, 74
bsu, 13, 33
bsv, 64, 51
bsw, 4, 30
bsx,   67, 49
bsy, 9, 6
bsz, 29, 77
bta, 67, 12
btb, 23, 15
btc, 46, 43
btd, 40, 18
bte,   26, 94
btf, 21, 12
btg, 76, 55
bth, 40, 30
bti, 92, 58
btj, 4, 35
btk, 71, 91
btl,   91, 68
btm, 40, 1
btn, 87, 6
bto, 24, 70
btp, 71, 59
btq, 18, 87
btr, 87, 23
bts,   70, 33
btt, 17, 22
btu, 6, 65
btv, 37, 35
btw, 86, 19
btx, 83, 74
bty, 20, 38
btz,   36, 82
bua, 73, 34
bub, 42, 89
buc, 46, 8  # Node block buc
bud, 42, 12
bue, 11, 23
buf, 61, 8
bug,   79, 54
buh, 41, 27
bui, 4, 77
buj, 86, 40
buk, 29, 82
bul, 19, 38
bum, 59, 55
bun,   88, 46
buo, 51, 32
bup, 40, 22
buq, 40, 57
bur, 13, 13
bus, 56, 34
but, 70, 82
buu,   29, 47
buv, 65, 82
buw, 58, 93
bux, 73, 40
buy, 3, 50
buz, 47, 31
bva, 73, 75
bvb,   75, 4
bvc, 92, 77
bvd, 67, 56
bve, 44, 34
bvf, 59, 80
bvg, 1, 24
bvh, 9, 51
bvi,   80, 89
bvj, 94, 60
bvk, 26, 39
bvl, 26, 88
bvm, 11, 32
bvn, 11, 19
bvo, 36, 85
bvp,   86, 22
bvq, 15, 91
bvr, 83, 81
bvs, 53, 76
bvt, 82, 42
bvu, 91, 40
bvv, 48, 76
bvw,   78, 14
bvx, 78, 15
bvy, 12, 13
bvz, 4, 71
bwa, 89, 38
bwb, 63, 4
bwc, 11, 83
bwd,   22, 20
bwe, 16, 8
bwf, 86, 94
bwg, 70, 83
bwh, 80, 83
bwi, 69, 22
bwj, 65, 88
bwk,   32, 33
bwl, 80, 7
bwm, 69, 18
bwn, 25, 25
bwo, 32, 77
bwp, 58, 16
bwq, 46, 46
bwr,   71, 93
bws, 92, 41
bwt, 17, 10
bwu, 27, 46
bwv, 23, 77
bww, 41, 17
bwx, 11, 62
bwy,   60, 5
bwz, 39, 17
bxa, 78, 53
bxb, 88, 35
bxc, 18, 7
bxd, 91, 71
bxe, 61, 30
bxf,   49, 54
bxg, 48, 61
bxh, 83, 48
bxi, 15, 6
bxj, 5, 32
bxk, 38, 25
bxl, 43, 44
bxm,   94, 36
bxn, 24, 48
bxo, 74, 53
bxp, 85, 73
bxq, 19, 67
bxr, 61, 55
bxs, 81, 22
bxt,   38, 76
bxu, 85, 2
bxv, 15, 22
bxw, 24, 45
bxx, 27, 1

Connections:
jk - jl # Active Track Segment
aor-aos
at - au
jo-jp
db - dc
py-pz
nu - nv
di-dj
abp - abq
t-u
bwl - bwm
bng-bnh
acc - acd
bjf-bjg
uo - up
po-pp
atn - bcs
ow-ox
bdz - zc
apb-apc
io - ip
aoi-bjp
gh - gi
tv-tw
ux - uy
auu-auv
bbi - ht
apj-apk
sk - sl
q-r
ve - vf
bz-ca
bem - bpc
re-rf
bqm - bqn
bqt-bqu
aqt - aqu
le-lf
ep - eq
agz-aha
bfo - bfp
ln-xb
ot - vn
anp-anq
bjr - bjs
asd-qt
vb - vc
bqa-bux
bwd - bwe
of-og
aol - aom
alj-alk
ats - att
ajq-avv
aob - aoc
bxs-bxt
kh - ki
ads-adt
bsa - bsb
bhq-bhr
axn - axo
vz-wa
ama - bme
cm-cn
bdp - ef
uu-uv
avm - avn
sv-sw
wl - wm
bhf-bhg
bed - bee
dn-do
afo - afp
yf-yg
bpv - pp
s-t
axj - axk
ib-ic
ahd - ahe
awb-awc
baz - bba
bcp-mk
hz - ia
wp-wq
aq - axl
fj-fk
aii - aij
aca-acb
aji - ajj
anl-anm
ayw - ayx
bgh-xs
iy - iz
vf-vg
awm - awn
pc-pd
ari - arj
bcw-bcx
avk - avl
amn-amo
bbq - bbr
bxa-jl
agm - agn
bnt-bnu
amv - yx
bsv-bsw
ix - iy
bfw-bfx
aty - atz
pa-pb
kt - t
cq-cr
brm - ud
bur-ow
aug - auh
ak-al
bxp - bxq
ase-bcc
avw - avx
mx-my
atu - ux
ia-ib
agh - agi
rv-rw
sa - sb
ale-alf
kt - ku
bcj-bck
tt - tu
xh-xi
apo - bih
aqo-bvo
adj - aih
acx-xu
bhl - hv
bwq-kv
ask - asl
bxn-bxo
aby - nu
bsg-bsh
aep - aeq
ne-nf
bax - bay
aka-akb
bqd - bqe
asl-tj
aoz - apa
aks-akt
aio - aip
auq-bnu
ajm - ty
bur-bus
brl - brm
aqc-aqd
apm - apn
afm-afn
adg - bfk
a-b
ns - nt
btb-btc
bjo - ql
bnd-bne
vg - vh
awp-awq
pn - po
bpm-bxn
fm - fn
ahw-ahx
akr - boy
bjy-bjz
tz - ua
bms-bmt
acr - acs
rg-rh
sf - sg
aaq-aar
jg - jh
rs-rt
bco - bcp
azm-azn
kf - kg
lw-lx
ace - qq
ik-il
ct - cu
zu-zv
ahy - ahz
asi-asj
bru - brv
bsm-bsn
hp - hq
ben-hv
amb - amc
akk-akl
bhs - bht
asz-ata
avf - avg
ber-bes
ex - uz
fl-fm
jx - jy
afz-aga
yd - ye
beq-ber
abq - abr
bcd-kw
auo - aup
adh-bxr
afi - afj
apb-aym
awu - awv
bao-bap
sh - si
acs-act
bcm - bcn
dp-dq
bnp - bnq
bx-by
qw - qx
amr-ams
ayc - bip
aqp-bdm
bdu - vk
aao-aap
ays - ayt
abd-abe
axz - bhk
atc-atd
bnz - yh
bbk-bkk
ags - agt
ald-az
ge - gf
bqs-bqt
xt - xu
aeh-aei
ic - id
lb-lc
ami - amj
mc-md
js - jt
mf-mg
bgd - bge
dx-dy
bqy - bqz
ant-anu
apw - apx
is-it
ji - jj
aqh-bun
bml - bmm # Active Track Segment
bct-bcu
bcc - bcd
aew-aex
aby - bju
bmo-bmp
ey - ez
ku-wt
apk - apl
afo-dg
bkd - he
atg-ath
fc - fd
bey-bez
avq - avt
aia-aib
ahu - ahv
og-oh
oo - op
adg-adh
bht - bhu
ast-asu
bsw - bsx
bcz-bda
abz - brp
ado-bhv
aza - azb
amj-dv
bkc - bkd
bwd-ya
bap - baq
agp-agq
bhe - bhf
aic-aoi
avh - avi
pc-qf
bwc - bwd
ha-un
ais - ait
bha-bhb
bj - bk
bin-bio
bkb - bkc
im-wc
adx - ady
ahp-ahq
ni - nj
bwq-bwr
aoe - aof
apo-app
dw - dx
bca-bcb
yn - yo
aep-auo
ans - ant
bte-btf
uw - ux
bbr-bbs
ane - anf
agf-agg
cf - cg
abq-cy
bgn - bs
agi-agj
asb - asc
amv-amw
bhl - bhm
ag-ah
aax - aay
mm-mn
apt - apu
afd-afe
rc - rd
aqj-aqk
bdc - bdd
awa-awb
aht - lt
cv-cw
ahl - dl
aof-aog
oc - od
adm-ra
zy - zz
akw-akx
bqh - bqi
bwb-bwc
bdu - bdv
oe-of
arz - ax
rd-re
ahb - ahc
akz-ala
oq - or
bjl-sv
bsp - bsq
vs-vt
bep - beq
bwg-bwh
ds - dt
asg-aub
aoe - bwx
bdo-bdp
aog - aoh
gd-ge
adf - bqz
bok-bol
bg - bh
km-kn
bks - bkt
aja-ajb
bxd - bxe
apm-jr
awa - rf
axj-bpm
er - es
co-hc
sy - sz
ai-aka
bqu - bqv
bsj-bsk
aiz - aja
ayb-ayc
bbf - bbg
bue-buf
atf - atg
cb-cc
vy - vz
aat-aau
avp - btq
aqb-aqc
aqy - aqz
bns-bnt
abf - ai
ei-ej
afn - afo
atr-ats
axy - axz
aew-av
awo - awp
bou-bov
aey - qs
bfn-bfo
ed - ee
yb-yc
vd - ve
aga-amc
ajf - aku
br-bs
asr - ass
zh-zi
aur - aus
bsx-bsy
bvc - bvd
aye-ts
aju - ajv
auw-aux
bsl - bsm
rl-rm
np - nr
fb-os
cs - ct
bgy-bgz
buv - buw
aji-bot
fx - fy
wm-wn
bps - uy
ss-st
abn - abo
bav-jy
xw - xx
aud-bvm
avq - avr
pz-qa
bwz - np
oj-ok
bem - ben
aa-lc
apd - ape
bwn-bwo
acn - afe
lg-lh
tg - th
abn-zr
agq - agr
ks-kt
bbl - bbm
akm-akn
ayk - bxu
avp-avq
ayh - ayi
bu-bv
bix - biy
bpw-bpx
ajm - ajn
aqb-ayp
v - w
bfb-bfc
bjx - bjy
bbr-bqs
anb - bhg
qa-qb
ps - pt
abm-abn
aer - aes
ug-uh
adc - add
axt-ld
asc - asd
adi-adj
azk - bug
lu-lv
hy - hz
qk-ql
ajo - ajp
ayt-bi
ig - ih
bot-bou
axl - bqd
azt-azu
baz - bfv
ayn-hd
lx - ly
ayv-ayw
akn - ank
adn-bev
ys - yt
ao-vk
abg - abh
bmz-bna
btt - btu
aso-qc
avn - avo
vq-vr
apq - apr
aje-ajf
buk - bul
axz-bhd
bmi - bmj
aex-aey
bds - bdt
avl-beq
axa - axb
abb-bi
hc - hd
anq-anr
xo - xp
bmx-bmy
bdq - bdr
brz-bsa
abk - abl # Active Track Segment
gf-gg
bpp - ys
blk-bud
ajp - blv
bl-bm
bds - en
bf-ps
bku - bkv
aby-hl
ajd - aje
rr-rs
kr - ks
aqe-aqf
beu - bev
avb-avc
sl - sm
apc-apd
atd - ate
ajf-apr
h - i
yq-yr
apf - apg
arj-ark
gn - kc
afh-afi
dl - dm
qi-wb
yy - yz
aqk-yl
axh - axi
bxb-kj
lz - ma
bxv-bxw
yt - yu
aws-axw
ph - um
zp-zq
aer - aon
qn-qo
bw - bx
bmj-bmk
bxl - bxm
gt-gu
bpp - bpq
bvy-bvz
ra - rb
asm-asn
it - iu
aix-aiy
abd - blc
nj-nk
adh - adi
akj-akk
bfx - bfy
bcd-bce
acz - bwj
cv-zb
ws - wt
ajv-kd
bkg - bkh
um-un
aso - asp
bpe-bpf
aty - qn
acj-ack
aij - aik
alm-aln
awz - axa
qc-qd
bro - brp
bgr-bgs
boa - bob
btr-bvt
ng - nh
aqx-aqy
pk - pl
bpx-bpy
te - tf
nx-ny
boz - bpa
cd-ce
bfh - bfi
nn-no
bcv - bcw
hw-hx
bpw - brk
acq-acr
bew - bex
app-apq
agb - agc
bmj-ie
blw - blx
bhd-bhe
adm - adn
bqe-ud
em - en
afg-afh
bph - bpi
hi-hj
fn - fo
bhk-bhl
aej - aek
bwh-bwi
bef - beg
bbz-bca
afs - aft
ade-adf
fo - fp
ye-yf
alw - alx
bsf-bsg
ata - atb
pt-pu
mh - mi
baw-bax
n - o
ath-ati
buj - vr
pe-pf
bxm - bxn
aqr-aqs
aus - aut
xm-xn
bcq - bcr
vr-vs
adb - bej
bkn-bko
lf - lg
adf-adg
amd - ame
bbp-ld
rf - rg
amu-atm
aef - ox
bet-beu
i - j
bll-bxb
kp - kq
aqf-aqg
ary - arz
blu-zy
bq - br
mu-mv
bcs - bct
bj-h
azu - azv
ati-atj
avd - ave
aad-aae
alb - amq
aq-ar
x - y
bwu-bwv
aei - aej
ur-us
bpl - bpm
aex-atp
ayx - blr
bld-xk
blp - blq
bfe-bff
bak - bal
es-et
bto - btp
afp-afq
avx - avy
jt-ju
zc - zd
abw-su
agl - agm
azn-azo
bjh - bji
ael-aem
bmp - bmq
alq-yh
asf - asg
alv-alw
bls - blt
gc-gd
bsd - bse
ci-cj
au - av
aup-auq
rn - ro
baj-jx
aa - z
bqr-bqs
ai - aj
buu-tw
buw - bux
bun-buo
akg - akh
abo-abp
ahf - bg
cn-co
axm - axn
aky-akz
bel - bem
bbg-fd
ars - art
bqf-bqg
bnu - bnv
bsz-bta
ll - lm
bhb-bhc
hq - hr
ao-bfy
amk - aml
aba-abb
bvs - bvt
auo-bnj
ajx - ajy
cp-cq
ajw - ajx
afx-btk
bjn - bjo
aby-jt
bvm - bvn
bdt-bdu
adw - bpw
bub-buc
ek - el
ago-vn
le - nn
atl-atm
bjq - pm
id-ie
bvg - bvh
ij-ik
bdb - bdc
alh-ali
baa - bab
bma-bmb
ain - asq
brj-brk
aqh - aqi
bas-sf
alg - alh
f-g
bic - bid
abb-abc
avz - awa
bwe-bwf
nb - nc
bkt-bku
alm - aq
ado-aee
amw - amx
bce-bcf
blq - blr # Active Track Segment
ayp-mm
aii - bbx
bnz-boa
agp - aoa
bky-bkz
blo - blp
blr-bls
akj - nj
nf-ng
bow - box
aha-ahb
bdn - bdo
ams-amt
ayw - ui
aes-aks
aie - aif
ej-ek
ya - yb
ara-arb
aui - bto
ayn-ayo
bhz - bia
amp-yy
ty - tz
bbc-bbd
wc - wd
adn-ado
bpt - ne
bmq-bmr
bod - ep
acw-acx
aim - ain
adg-azs
ady - bgv
bir-bis
zn - zo
bkz-bla
auz - ava
bsi-bsj
ma - mb
akt-aku
ajp - ajq
bqe-bqf
bdy - bdz
ahf-ahg
yc - yd
bxa-bxb
jn - jo
akl-akm
ts - tt
adj-adk
apu - wc
bjv-bjw
ku - kv
ach-aci
bqi - bqj
abz-aca
avl - avm
asj-ask
gy - gz
awl-awm
tc - td
bji-bpx
ajz - cx
tw-xm
amc - amd
asb-yc
kk - kl
aer-l
ark - arl
zs-zt
atn - ato
aho-ayg
anf - ang
bwt-bwu
bt - bu
bmf-bmg
ua - ub
bih-bii
bn - bo
aaa-zz
bbx - bln
bhd-bro
bil - bim
bgf-bxp
sm - sn
bkh-bki
anb - bdm
hv-qt
dm - dn
bxt-bxu
bgj - bgk
wx-wy
agx - ajf
bti-btj
al - am
azs-azt
rm - rn
bbo-bbp
ata - bcd
df-dg
ap - aq
akq-akr
lo - vs
bab-bac
b - c
lo-lp
qi - qj
bpg-bph
age - agf
axd-axe
bbj - bbk
alr-bbb
bep - bfc
bhw-pq
aey - aez
aah-aai
ajr - ajs
ble-blf
aqg - aqh
auq-aur
bjc - bjd
bkr-bks
arc - ard
gn-go
bbv - bbw
aeq-aer
ald - ale
aa-ab
azp - bct
zj-zk
axp - axq
md-me
nc - nd
awh-awi
gq - gr
bfb-wq
ayx - ayy
bgb-bgc
ls - lt
blx-bly
aqa - aqb
g-h
bkl - bkm
ahs-aht
vc - vd
ca-cb
f - xd
are-arf
blb - blc
amo-amp
bbg - bbh
aue-go
bqc - bqd
bht-np
e - f
fe-ff
bbx - bby
bec-bed
bqw - bqx
brf-vg
auf - nd
air-ais
aff - afg
mb-mc
uh - ui
aaq-ki
akb - akc
ajj-ajk
acf - acg
asd-bew
bll - blm
gb-gc
afb - afc
by-bz
mk - ml
aoq-aor
gm - gn
yr-ys
o - p
ajr-tx
bfj - bfk
abs-abt
brt - bru
afe-aff
wb - wc
awc-brs
brf - brg
bdi-bdj
blg - blh
gi-gj
alh - xx
iq-ir
air - blf
bai-baj
aan - aao
wu-wv
aek - ael
dh-di
bae - baf
aph-uf
bwr - bws
bjq-bjr
bkf - bkg
awg-awh
bkv - bkw
aen-aeo
agv - je
avv-avw
ary - rf
ape-apf
bvf - bvg
bmr-yl
blt - blu
boq-bor
bie - ll
bjj-bjk
bno - bnp
ha-hb
brv - brw
ajv-ajw
aiu - s
ala-aoh
bhg - bhh
acb-acc
bjg - bjh
biy-biz
pv - pw
aaj-aak
aak - aal
bvp-bvq
im - in
co-cp
rx - ry
bbh-bbi
awi - awj
afw-bvv
wf - wg
aly-alz
bps - bpt
alh-atz
bfr - iw
bqq-bqr
pd - pe
bnh-bni
rw - rx
xs-xt
ln - lo
bpv-bpw
wj - wk # Active Track Segment
y-z
nr - oy
bdf-bdg
bjw - bul
qs-qt
yg - yh
u-v
akx - aky
aux-brx
yu - yv
awy-awz
jm - zm
aso-bbf
afo - mr
azr-azs
azw - azx
bum-bun
aqp - aqq
ahe-ahf
awd - bsm
bnk-bnl
aro - arp
bjo-bjp
bvq - bvr
anh-ani
bvb - bvc
bqa-xv
vt - vu
afl-bo
azp - azq
ayo-ayp
apr - aps
zg-zh
bhy - bhz
bxk-ob
bat - ju
bgz-bpo
aet - aeu
bgd-bgw
bwf - wy
aul-aum
afr - afs
bnx-h
us - ut
bbb-bbc
abm - cx
bii-bij
apg - aph
aiy-apf
bnb - bnc
gj-gk
bvv - bvw
bko-z
azg - azh
bfv-bfw
btg - bth
agm-qq
bdl - bdm
no-np
xe - xf
ob-oc
qz - ra
ase-asf
bcx - bcy
bkp-bkq
bkj - bkk
brm-brn
abw - bwp
awk-awl
hh - hi
bam-ban
bw - ir
ace-ke
agz - sr
bho-bhp
qb - qc
aig-aih
axq - axr
xu-xv
ajh - aji
xx-xy
amp - amq
bnw-bnx
bmk - bml
jp-jq
fy - fz
lj-lk
acx - acy
bfr-bfs
aur - bqm
bbe-bbf
rh - ri
ary-bdh
gb - th
abx-aby
acm - acn
aec-aed
blk - bll
aaw-aax
bej - bek
ew-or
bf - bg
uc-ud
amn - vn
cg-ch
aod - aoe
cy-cz
mq - mr
ahj-ahk
bgj - bsa
aah-brp
bjw - bjx
bww-bwx
bdx - bdy
sc-sd
aow - aox
ac-ad
apy - apz
adg-bcd
biv - biw
aaa-aab
bka - bkb
alw-bug
afc - afd
bre-brf
dy - fw
bpi-bpj
dk - dl
axy-brq
bgc - bgd
ajn-aps
bsb - bsc
bio-bip
akq - pq
ja-jb
ox - oy
amy-nr
gs - gt
ba-bb
ajn - ajo
ze-zf
bfy - bfz
bpj-bpk
ajc - ajd
bve-bvf
ab - ac
biz-bja
btf - btg
aft-afu
aps - apt
adv-adw
bff - bfg
bge-bgf
afm - dd
bgx-bgy
ayu - ayv
ce-cf
ny - nz
vu-vv
bgq - bgr
dg-dh
gx - gy
bsc-bsd
bp - bq
ii-ij
agc - agd
bth-bti
anc - and
bpm-sz
azf - azg
bcf-bcg
kc - kd
bxe-bxf
hv - hw
ut-uu
asv - asw
bel-hn
abi - abj
gw-gx
fe - rn
bhr-bhs
asp - asq
yv-yw
blq - iv
af-xn
bbw - bms
ama-amb
aoy - aoz
blj-blk
apv - apw
cl-cm
kl - km
wv-ww
el - em
bup-buq
bkm - bkn
abx-bem
biz - em
bmt-bqs
acl - acm
aeg-vk
bsy - bsz
bas-bat
acd - vq
bpw-bxo
qt - qu
bmb-hr
ov - ow
xf-xg
afa - afb
op-oq
aes - aet
l-m
ada - adb
cw-cx
bva - bvb
bks-bnc
bla - bwj
alo-alp
bos - bot
bhu-qd
pu - zm
ul-um
bqv - bqw
kb-kc
gv - gw
ms-mt
xc - xd
bnl-bnm
ew - ex
bwh-oq
adz - aea
arg-arh
st - su
aiq-arz
aqu - aqv
bau-bav
cx - cy
ale-asn
api - apj
apt-bde
aik - ail
ake-akf
aiw - aix
arn-aro
adf - agk
bed-bpr
apc - bpn
ev-ew
ako - akp # Active Track Segment
abe-sh
agk - agl
qo-qp
alf - alg
bpq-ro
aav - aaw
kx-ky
jr - js
aun-auo
fu - fv
ahc-ahd
aqv - aqw
avw-bkh
nv - nw
axz-aya
bqr - js
lc-ld
aqd - aqe
dt-du
bca - cr
bia-bib
fm - pf
ck-rs
bmz - bsf
sw-sx
en - eo
bwi-bwj
abl - abm
bdz-bea
bkb - ob
ti-tj
bod - boe
apa-apb
ahn - aho
jl-jm
akw - fu
pp-pq
bbm - bbn
aui-rb
op - xm
bpu-bpv
alb - alc
bhm-bhn
om - on
rb-rc
azy - azz
iw-ix
bvb - cz
ava-avb
azl - bot
vw-vx
bcl - bcm
bav-baw
aqa - bly
asj-bms
ahv - ahw
amh-oy
bwx - bwy
amm-amn
bvr - bvs
ju-jv
aab - aac
bux-buy
ash - asi
aou-aov
bwk - bwl
ef-eg
cr - cs
bhc-bhd
agw - aqu
aqm-aqn
bdj - bdk
bfd-bfe
hg - hh
bay-baz
aci - acj
axl-axm
btm - btn
bus-but
aum - bun
lv-lw
bs - bt
agu-agv
wq - wr
axx-bld
abc - ac
se-sf
azk - azl
axg-axh
kd - ke
bvg-u
agw - agx
asd-ase
bfq - bfr
ami-bgl
aaj - bfp
baf-bag
vv - vw
qu-qv
agx - agy
du-tw
awv - aww
art-aru
asn - aso
asy-asz
aoo - aop
aoq-bay
afk - afl
ayl-aym
xp - xq
vj-vk
bse - h
abo-aih
ri - rj
bho-yt
aki - akj
amw-ari
me - mf
acp-acq
bxw - bxx
qf-qg
ahl - ahm
afh-fi
bex - nb
bm-btx
bv - bw
su-sv
bff - bvw
alz-ama
bbg - zz
bgo-bgp
akv - akw
bby-bbz
anp - yj
asa-asb
bvk - pd
avg-avh
axf - axg
tb-tc
iu - iv
cy-rg
aub - auc
bke-bkf
bmr - bms
il-im
afq - afr
bik-bil
bpd - bpe
bwo-bwp
ft - fu
awd-awe
bvd - bve
atz-aua
buy - buz
amy-amz
aen - aqt
xz-ya
aqn - aqo
fq-fr
att - atu
bhj-bhk
bol - bom
pi-pj
afc - blo
bod-ye
up - uq
aud-aue
adt - ja
bog-boh
bpm - bpn
ki-kj
bjm - bjn
yz-za
ads - bgs
nw-nx
acd - ace
zt-zu
eq - er
agn-ago
bmb - bmc
bfm-bfn
wr - ws
bqg-bqh
anc - kq
zb-zc
alb - as
aqq-aqr
aue - auf
qu-zy
brp - brq
aii-bgt
alc - ald
ajm-azk
btz - bua
bsx-et
als - alt
adu-adv
sb - sc
bfg-bfh
bgk - bgl
anp-buy
aen - h
asp-bgh
ta - tb
agt-agu
pr - ps
aqm-vs
bjm - kq
lk-ll
aar - aas
afu-tf
anj - bdq
na-nb
bjx - bjz
vl-vm
bui - buj
awc-bdu
bhh - bhi
bnc-nr
dv - dw
bxq-bxr
bgv - bgw
btc-btd
ph - pi
bui-cn
qx - qy
atn-el
alt - alu
aoa-aob
awc - awd
aic-aid
anm - ann
bbw-bbx
bfs - bft
bpn-bpo
avk - dx
sp-sq
afv - afw
aoi-aoj
bpz - bqa
ic-lu
bop - boq
ex-ey
bxf - bxg
axi-axj
bxi - bxj
aqo-aqp
abe - uc
jm-jn
aua - aub # Active Track Segment
aqw-aqx
ayh - tp
ahm-ahn
ajv - bpo
zw-zx
bft - bfu
ajs-ajt
abw - bwf
nz-oa
kz - la
we-wf
ahp - mj
aym-ayn
ayg - bpw
os-ot
bje - bjf
wg-wh
aae - aaf
bse-bsf
uy - uz
bst-bsu
bfi - bfj
bpf-bpg
jk - yn
bxr-bxs
abj - abk
bie-bif
bcz - ny
rz-sa
alq - alr
fi-fj
aem - bal
afu-afv
bhp - bhq
bxk-bxl
abv - abw
acu-acv
bjl - bjm
go-gp
adt - adu
bgl-bgm
boh - boi
brx-bry
ajt - aju
bnf-bng
an - ayv
du-dv
bgs - bgt
jy-jz
aei - bsp
uf-ug
avu - avv
sg-xo
boc - bod
adn-bxc
bez - bfa
bgp-bgq
auy - bp
en-zo
bhj - ie
alw-bvy
arv - arw
bsu-bsv
axx - axy
boo-bop
bun - lh
bso-bsp
ael - wg
aiv-aiw
bd - be
ww-wx
acv - acw
bof-bog
bij - bme
bfl-bfm
qy - qz
mt-mu
aux - auy
bpb-bpc
bpq - bpr
gk-gl
ala - alb
iv-iw
akr - aks
xk-xl
bnp - td
yo-yp
ahw - id
vn-vo
wk - wl
anw-anx
bbk - bbl
bmg-bmh
yh - yi
aay-aaz
ajb - ajc
si-sj
ht - hu
aya-ayb
fv - fw
avt-avu
if - ig
jh-ji
bjd - bje
aj-ak
w - x
ajy-ci
akf - akg
acw-qm
abm - arm
adv-asl
bmv - bmw
ly-lz
cz - da
tl-tm
bvx - bvy
arb-arc
ajq - ajr
anr-ans
aru - arv
aai-aaj
bvu - bvv
ank-anl
oy - oz
ei-zl
rq - rr
ata-en
rj - rk
bjt-bju
adq - adr
bbs-bbt
bal - bam
abc-abd
bwm - bwn
blg-ro
jz - ka
mz-ua
hm - hn
bif-big
bib - bic
btg-ja
bdg - bdh
dc-dd
bmt - bmu
ayf-ayg
axr - bgp
fs-ft
to - tp
aem-aen
atq - atr
fz-ga
aoi - aso
bjs-bjt
aay - asj
atn-gh
aep - lg
azx-azy
ame - kw
azj-azk
bul - bum
aoh-aoi
bpy - bpz
awg-bac
aes - ahu
aot-aou
auv - kq
jd-je
bqj - bqk
biq-bir
ac - apv
my-mz
hr - hs
bls-wy
ajf - ajg
ate-atf
bli - blj
brd-bre
or - os
sw-zu
ana - anb
ah-ai
beh - bux
dj-dk
abe - abf
bhx-bhy
wn - wo
boe-xs
acn - aco
nd-ne
bbu - bbv
pq-pr
apz - aqa
bev-bew
asq - asr
axk-axl
jv - jw
hz-ik
azg - xk
aon-aoo
bri - brj
bk-bl
aw - ax
akd-ake
alk - all
in-io
big - bih
ln-wa
k - l
hk-xm
afl - afm
bxh-bxi
fy - yr
asw-asx
ban - bao
and-ane
ajz - aka
ard-are
adh - jk
biw-bix
auh - aui
apz-lk
bmu - dj
gg-gh
zv - zw
bim-bin
bqz - bra
bse-gq
eo - ep
adr-ads
ahr - ahs
dz-ea
bjz - bka
any-anz
ajd - bbj
uk-ul
ano - anp
bmd-bme
fw - fx
buf-bug
bmc - bmd
ea-eb
bkq - bkr
bgn-bgo
bcr - bcs
bvj-bvk
ace - acf
azh-azi
bvn - bvo
bvh-m
ayd - aye # Active Track Segment
bsr-bss
uj - uk
beg-beh
ih - ii
nr-ns
aue - gh
avs-avt
wh - wi
ayn-bht
aos - aot
da-db
hf - hg
blv-blw
bmw - bmx
ahz-aia
ayx - bsw
anv-atq
de - rs
bih-db
abf - apo
ff-fg
aei - brl
abs-bbt
bev - uz
xr-xs
bxo - bxp
aye-ayf
aef - aeg
ajs-bup
axu - axv
bmn-pt
aal - aam
bag-bah
bly - blz
bga-bgb
bwy - bwz
zr-zs
lr - ls
aqe-od
qj - qk
dq-dr
as - at
hj-hk
aac - aad
bwt-qm
bis - bit
ahr-aoy
ab - axf
nt-nu
agy - agz
mn-mo
el - oj
aiu-aiv
akt - bhm
ot-ou
bqp - bqq
bkp-k
bfv - bid
bon-boo
aww - awx
wd-we
cm - xm
brb-brc
bnv - bnw
awr-aws
aql - aqm
bml-ib
bp - fj
anj-bkw
ax - ay
wy-wz
bov - bow
ayz-aza
bch - bci
bat-bau
ui - uj
mo-mp
nq - nr
af-ag
brk - brl
bix-bwe
ayg - ayh
bcb-bcc
bna - bnb
ae-af
ame - amf
acq-om
ch - ci
bwz-bxa
li - lj
buf-ft
agr - ags
kv-kw
atg - avg
bgh-bgi
ql - qm
hl-hm
aga - agb
bty-btz
ga - gb
aii-k
ml - mm
arw-arx
bbh - bbv
iz-ja
blu - blv
lp-lq
aov - aow
btw-btx
axc - axd
ail-aim
atv - atw
bdv-bdw
bfk - bfl
hb-hc
awq - awr
amg-amh
axs - axt
ahh-ahi
bmm - oe
aen-bkx
bvk - bvl
ahd-lg
any - yv
qp-qq
atk - atl
ez-fa
aya - hb
tm-tn
btd - bte
axe-axf
ass - ast
bja-bjb
zq - zr
asg-ash
brw - brx
sd-se
ud - ue
beb-bec
anx - any
ain-aio
ox - wp
agh-xm
aho - ahp
avj-avk
arh - ari
fn-su
bjk - blc
hd-he
awn - awo
bjb-bjc
bjk - bjl
bpo-bpp
bjp - bjq
ar-as
ail - bkk
btr-bts
oz - pa
bfu-bfv
pl - pm
aaz-aba
bdr - bds
fb-fc
kj - kk
ahx-ahy
ayc - ayd
r-s
bi - bj
gz-ha
bgg - bgh
ace-oh
aor - boh
ho-hp
amf - amg
blm-bln
ahb - brj
bry-brz
bke - yl
bar-bas
avc - avd
un-uo
tj - tk
bhi-bhj
p - q
azd-aze
dq - jy
abf-abg
yi - yj
vm-vn
uv - xc
agj-agk
tx - ty
bqo-bqp
agl - ami
ble-je
aku - bxf
arp-arq
jw - jx
xq-xr
awp - jb
apx-apy
lt - lu
anf-xz
awe - awf
pm-pn
bcw - oo
axp-bug
az - ba
fr-fs
bcy - bcz
dr-ds
bdl - btq
bob-boc
aau - aav
aa-btf
bac - bbr
yp-yq
ajl - jp
ax-azr
cc - cd
abq-bav
ada - bet
kw-kx
agz - bsg
aok-aol
za - zb
blf-blg
kn - ko
av-aw
arq - arr
bhw-bhx
bnw - wz
bdd-bkd
bju - bjv
bnq-bnr
bpr - bps
bgc-box
gl - gm
mw-mx
bqb - bqc
xb-xc
avi - avj
aei-ahr
sg - sh
od-oe
sq - sr
zk-zl
aeu - aev
anw-atp
aqs - aqt # Active Track Segment
bik-in
qv - qw
beh-kj
pu - pv
mg-mh
uz - va
oa-ob
xa - xb
azj-bwz
bsr - zi
bmm-bmn
tp - tq
c-xb
bkw - bkx
avs-ma
agn - l
yx-yy
bgw - bgx
bes-bet
tt - ye
atj-atk
abu - abv
atp-atq
aku - akv
ba-bxc
tu - tv
bny-bnz
awp - zx
aam-aan
akh - bqu
aih-axe
hx - hy
bpz-bth
bvz - bwa
ahq-ahr
bip - qd
bbp-bbq
aev - oq
he-hf
afx - afy
bcn-bco
aqi - aqj
auf-dn
aeg - aeh
ym-yn
wa - wb
arv-tp
zi - zj
ajl-ajm
bld - ble
bhn-bho
ayk - ayl
azo-azp
aqk - aql
aam-buq
bb - bc
ago-agp
jc - jd
abw-abx
ip - iq
baj-bak
aiq - air
bni-bnj
bmy - bmz
amx-amy
auk - aul
buo-bup
aru - ayf
mp-mq
ajg - ajh
auj-auk
aui - bfr
afy-lc
hk - hl
aop-aoq
afc - ku
du-g
bug - buh
ahg-ahh
kq - kr
buh-bui
beh - bei
gu-gv
bxg - bxh
bms-bpk
aut - auu
axw-axx
adk - adl
auc-aud
bpt - bpu
bxc-bxd
agg - agh
but-gv
ee - ef
ali-bik
bgv - kf
alz-ec
alo - bj
aui-auj
avh - bhb
do-dp
vp - vq
m-n
bop - cv
uv-uw
amt - amu
bdr-bmp
bla - blb
ald-c
bij - bik
so-sp
nk - nl
qh-qi
aht - ahu
ayj-ayk
rt - ru
qg-qh
awy - fw
bvl-bvm
nh - ni
akp-akq
on - sb
aiq-aud
boe - bof
aez-afa
xg - xh
bmu-bmv
bbn - bbo
bid-bie
fa - fb
arz-asa
yw - yx
amq-amr
bpc - bpd
ko-kp
aeb - aec
aom-apj
bvo - bvp
pg-ph
boj - bok
bad-bae
zd - ze
ado-adp
ann - ano
axb-axc
amj - amk
aif-aig
bql - bqm
aqn-bso
bpg - bsf
yk-yl
anj - ank
abt-bwi
lh - li
rp-rq
aoj - aok
zx-zy
adl - adm
aqk-jd
bkx - bky
afd-ayl
acy - acz
on-oo
rk - rl
sj-sk
bqk - bql
bgz-bha
amc - brz
blc-bld
ayg - bbv
bki-bkj
btu - btv
buj-buk
bra - brb
bdd-bde
bkd - bke
ben-beo
brg - brh
brq-kh
tq - tr
cj-ck
eh - ei
oi-oj
amu - amv
lq-lr
axo - axp
bdk-bdl
ka - kb
bsn-bso
aws - awt
ay-az
ayp - ayq
bcg-bch
bnn - bno
bwv-bww
avr - avs
brn-bro
bwj - bwk
fg-fh
ru - rv
ok-ol
qe - zh
vo-vp
su - xx
sz-ta
gr - gs
ir-is
brf - bwk
mi-mj
bbr - tp
axt-axu
bji - bjj
apu-apv
add - ade
aql-zi
buz - bva
bne-bnf
bvh - bvi
bss-bst
bei - bej
ase-avn
ayy - ayz
ato-atp
zl - zm
acg-ach
ahi - ahj
de-df
ang - anh
aa-atm
wi - wj
qd-qe
awt - awu
be-bf
sr - ss
avg-bc
aok - wh
bqi-eq
abs - bxl
afy-afz
j - k
bgu-bgv
bqa - bqb
axc-yq
bm - bn
azb-azc
asy - bdd
btl-btm
np - nq
bxj-bxk
akn - ako # Active Track Segment
ky-kz
bud - bue
btq-btr
xv - xw
av-oo
abr - abs
aij-azi
bqu - w
ave-avf
bmh - bmi
bnm-bnn
ajy - ajz
bbd-bbe
jr - uv
ff-ot
eu - ev
aii-bbj
ayi - ayj
qq-qr
ayi - azc
btk-btl
bba - bbb
bfz-bga
blh - bli
bwf-bwg
fx - xm
ub-uc
hs - ht
aze-azf
arm - bbl
bdz-bid
am - he
bde-bdf
bhv - bhw
bvt-bvu
bfc - bfd
aip-aiq
xj - xk
azz-baa
xy - xz
bbt-bbu
xn - xo
eb-ec
ja - qg
blz-bma
zf - zg
aas-aat
bh - bi
bjt-yp
tr - ts
bac-bad
bnq - boh
ady-awd
wz - xa
atb-atc
dy - dz
apl-apm
axr - axs
td-te
bwa - bwb
adp-adq
all - alm
ait-ast
bor - bos
aaf-vp
yj - yk
wo-wp
bah - bai
aay-pr
adc - amz
acd-bxh
ro - rp
add-bey
an - ao
arx-ary
buc - bud
brc-brd
bnh - ln
act-acu
arm - arn
boi-boj
bly - zz
cu-cv
kg - kh
vi-vj
arl - arm
asz-jj
auf - aug
bmy-ne
azl - azm
bit-biu
bpa - bpb
bda-bdb
ast - lu
aum-aun
buu - buv
bxu-bxv
box - boy
mz-na
akc - akd
lm-ln
adw - adx
atw-bog
anz - aoa
ayt-ayu
atu - atv
mj-mk
bhu - bhv
bnc-bnd
aml - amm
arr-ars
sx - sy
bgt-bgu
uq - ur
d-e
abt - abu
aom-aon
apn - apo
afw-afx
bdb - boi
acz-ada
jq - jr
hn-ho
ld - le
awa-rz
gp - gq
aaf-aag
bmx - zl
azq-azr
beo - bep
biu-biv
axg - kk
anb-anc
bcu - bcv
abh-anq
fd - fe
am-an
atm - atn
pf-pg
ie - if
xi-xj
bwd - do
afj-afk
bmn - oq
bea-beb
bbi - bbj
bvw-bvx
ayr - ays
azv-azw
awf - awg
auy-auz
but - buu
alr-als
bci - bcj
ali-alj
bts - btt
dd-de
bnj - bnk
fh-fi
aed - aee
avy-avz
bfq - ti
nl-nm
tk - tl
ajk-ajl
bdw - bdx
bgi-bgj
ahy - ng
asx-asy
ck - cl
vk-vl
awj - awk
aaq-lt
bdp - bdq
ry-rz
aph - api
bsq-bsr
aiy - aiz
bfa-bfb
bkg - bwp
qe-qf
bws - bwt
va-vb
ack - acl
bmp-bww
aes - bwp
fp-fq
btj - btk
bnr-bns
aeo - aep
qm-qn
ff - sq
as-vn
kd - lt
vh-vi
bsh - bsi
ago-bot
ass - axc
amc-amx
aom - bun
arf-arg
bqn - bqo
add-bsj
amz - ana
cz-rp
ol - om
qr-qs
bck - bcl
sn-so
fk - fl
zm-zn
aib - aic
boy-boz
agv - agw
dl-eh
ec - ed
anu-anv
bfw - qt
pb-pc
aqz - ara
ayq-ayr
btn - bto
ao-ap
buq - bur
ku-ut
aqv - mc
azc-azd
bta - btb
bnx-bny
anv - anw
azi-azj
pe - rg
jj-jk
apm - bgf
bbg-gs
alx - aly
bom-bon
dm - nw
axt-bnc
bbe - yw
th-ti
agd - age
axv-axw
aco - acp
asl-asm
zo - zp
aox-aoy
bee - bef
bgf-bgg
bdh - bdi # Active Track Segment
c-d
bgm - bgn
asu-asv
bex - bey
hu-hv
bua - bub
aln-alo
jb - jc
ke-kf
bmn - bmo
bme-bmf
biz - ly
aqg-wn
btx - bty
vx-vy
pj - pk
bko-bkp
apv - aqi
brh-bri
bkk - bkl
bln-blo
btp - btq
tn-to
px - py
bwp-bwq
avm - buh
tw-tx
aby - abz
auv-auw
bcv - yr
brs-brt
je - jf
xl-xm
amk - ni
ady-adz
ou - ov
bc-bd
btv - btw
amf-bkk
aid - aie
brg-ca
ahk - ahl
bvi-bvj
art - jd
baq-bar
ase - bxq
fq-om
bip - biq
ait-aiu
aag - aah
xd-xe
abh - abi
buw-zs
et - eu
aee-aef
aoc - aod
wt-wu
bpk - bpl
tf-tg
pw - px
alp-alq
ue - uf
bdm-bdn
jf - jg
eg-eh
bqx - bqy
ani-anj
aez - ahe
adb-adc
avo - avp
akh-aki
oh - oi
aev-aew
aea - aeb
nm-nn
bo - bp
ass-xh
app - bbx
bfp-bfq
bcp - bcq
mv-mw
alu - alv
atx-aty
azh - cn
mr-ms
aih - aii
bnd-bou
amh - ami
brq-brr
ad - ae
bsk-bsl
atw - atx
bek-bel
aap - aaq
awx-awy
brr - brs
yl-ym
bxb - bxc
la-lb
